<?xml version="1.0" encoding="UTF-8"?>
<TestRun id="f4bbd26a-64a0-42bd-bcc0-5600946d4a71" name="nickjosevski@NICKJOSEVSKI-PC 2010-06-23 14:51:07" runUser="ACMELBDC\nickjosevski" xmlns="http://microsoft.com/schemas/VisualStudio/TeamTest/2010">
  <TestSettings name="Local" id="ad3a627b-704a-4180-b991-9a330ddb68f9">
    <Description>These are default test settings for a local test run.</Description>
    <Deployment enabled="false" runDeploymentRoot="nickjosevski_NICKJOSEVSKI-PC 2010-06-23 14_51_07">
      <DeploymentItem filename="C:\Users\nickjosevski.ACMELBDC\Development\My Dropbox\Development\WebFormEventModelExperiments\Logic\Logic\bin\Debug\Logic.dll" />
      <DeploymentItem filename="C:\Users\nickjosevski.ACMELBDC\Development\My Dropbox\Development\WebFormEventModelExperiments\Lib\WebFormsMvp.dll" />
      <DeploymentItem filename="C:\Users\nickjosevski.ACMELBDC\Development\My Dropbox\Development\WebFormEventModelExperiments\Lib\rihnomocks\Rhino.Mocks.dll" />
    </Deployment>
    <Execution>
      <TestTypeSpecific />
      <AgentRule name="Execution Agents">
      </AgentRule>
    </Execution>
  </TestSettings>
  <Times creation="2010-06-23T14:51:07.1201266+10:00" queuing="2010-06-23T14:51:11.7435889+10:00" start="2010-06-23T14:51:11.8535999+10:00" finish="2010-06-23T14:51:13.2537399+10:00" />
  <ResultSummary outcome="Completed">
    <Counters total="1" executed="1" passed="1" error="0" failed="0" timeout="0" aborted="0" inconclusive="0" passedButRunAborted="0" notRunnable="0" notExecuted="0" disconnected="0" warning="0" completed="0" inProgress="0" pending="0" />
  </ResultSummary>
  <TestDefinitions>
    <UnitTest name="ProductEditPresenter_GetId_ReturnsIdFromQueryString" storage="c:\users\nickjosevski.acmelbdc\development\my dropbox\development\webformeventmodelexperiments\webformeventmodelexperiments.tests\bin\debug\webformeventmodelexperiments.tests.dll" id="9ea193cb-7e5c-4dc0-57ab-3e43f37054b4">
      <Execution id="94f3a40a-059e-4dc1-8e6d-5d39f0c28158" />
      <TestMethod codeBase="C:/Users/nickjosevski.ACMELBDC/Development/My Dropbox/Development/WebFormEventModelExperiments/WebFormEventModelExperiments.Tests/bin/Debug/WebFormEventModelExperiments.Tests.DLL" adapterTypeName="Microsoft.VisualStudio.TestTools.TestTypes.Unit.UnitTestAdapter, Microsoft.VisualStudio.QualityTools.Tips.UnitTest.Adapter, Version=10.0.0.0, Culture=neutral, PublicKeyToken=b03f5f7f11d50a3a" className="WebFormEventModelExperiments.Tests.ProductEditPresenterTests, WebFormEventModelExperiments.Tests, Version=1.0.0.0, Culture=neutral, PublicKeyToken=null" name="ProductEditPresenter_GetId_ReturnsIdFromQueryString" />
    </UnitTest>
  </TestDefinitions>
  <TestLists>
    <TestList name="Results Not in a List" id="8c84fa94-04c1-424b-9868-57a2d4851a1d" />
    <TestList name="All Loaded Results" id="19431567-8539-422a-85d7-44ee4e166bda" />
  </TestLists>
  <TestEntries>
    <TestEntry testId="9ea193cb-7e5c-4dc0-57ab-3e43f37054b4" executionId="94f3a40a-059e-4dc1-8e6d-5d39f0c28158" testListId="8c84fa94-04c1-424b-9868-57a2d4851a1d" />
  </TestEntries>
  <Results>
    <UnitTestResult executionId="94f3a40a-059e-4dc1-8e6d-5d39f0c28158" testId="9ea193cb-7e5c-4dc0-57ab-3e43f37054b4" testName="ProductEditPresenter_GetId_ReturnsIdFromQueryString" computerName="NICKJOSEVSKI-PC" duration="00:00:00.5827173" startTime="2010-06-23T14:51:11.8906036+10:00" endTime="2010-06-23T14:51:13.1997345+10:00" testType="13cdc9d9-ddb5-4fa4-a97d-d965ccfc6d4b" outcome="Passed" testListId="8c84fa94-04c1-424b-9868-57a2d4851a1d" relativeResultsDirectory="94f3a40a-059e-4dc1-8e6d-5d39f0c28158">
    </UnitTestResult>
  </Results>
</TestRun>